Microchip MPLAB XC8 Compiler V1.41 ()

Linker command line:

-W-3 --edf=C:\Program Files\Microchip\xc8\v1.41\dat\en_msgs.txt -cs \
  -h+dist/default/production\ESP8266.X.production.sym \
  --cmf=dist/default/production\ESP8266.X.production.cmf -z -Q16F877A \
  -oC:\Users\HOLUWA~1\AppData\Local\Temp\sap0.2 \
  -Mdist/default/production/ESP8266.X.production.map -E1 -ver=XC8 \
  -ASTACK=0110h-016fh -pstack=STACK -ACODE=00h-07FFhx4 -ASTRCODE=00h-01FFFh \
  -ASTRING=00h-0FFhx32 -ACONST=00h-0FFhx32 -AENTRY=00h-0FFhx32 \
  -ACOMMON=070h-07Fh -ABANK0=020h-06Fh -ABANK1=0A0h-0EFh \
  -ABANK2=0110h-016Fh -ABANK3=0190h-01EFh \
  -ARAM=020h-06Fh,0A0h-0EFh,0110h-016Fh,0190h-01EFh \
  -AABS1=020h-07Fh,0A0h-0EFh,0110h-016Fh,0190h-01EFh -ASFR0=00h-01Fh \
  -ASFR1=080h-09Fh -ASFR2=0100h-010Fh -ASFR3=0180h-018Fh \
  -preset_vec=00h,intentry,init,end_init -ppowerup=CODE -pcinit=CODE \
  -pfunctab=CODE -ACONFIG=02007h-02007h -pconfig=CONFIG -DCONFIG=2 \
  -AIDLOC=02000h-02003h -pidloc=IDLOC -DIDLOC=2 -AEEDATA=00h-0FFh/02100h \
  -peeprom_data=EEDATA -DEEDATA=2 -DCODE=2 -DSTRCODE=2 -DSTRING=2 -DCONST=2 \
  -DENTRY=2 -k C:\Users\HOLUWA~1\AppData\Local\Temp\sap0.obj \
  dist/default/production\ESP8266.X.production.obj 

Object code version is 3.11

Machine type is 16F877A



                Name                               Link     Load   Length Selector   Space Scale
C:\Users\HOLUWA~1\AppData\Local\Temp\sap0.obj
                end_init                              0        0        3        0       0
                config                             2007     2007        1     400E       0
dist/default/production\ESP8266.X.production.obj
                cinit                               7F4      7F4        C      FE8       0
                text16                              21D      21D       1A      43A       0
                text15                              237      237       1A      46E       0
                text14                              212      212        B      424       0
                text13                              3A0      3A0       5A      740       0
                text12                              356      356       4A      6AC       0
                text11                              2E0      2E0       39      5C0       0
                text10                              319      319       3D      632       0
                text9                               1FC      1FC        6      3F8       0
                text8                               3FA      3FA       8F      7F4       0
                text7                               489      489       E9      912       0
                text6                               202      202        6      404       0
                text5                               28F      28F       27      51E       0
                text4                               208      208        A      410       0
                text3                               26D      26D       22      4DA       0
                text2                               251      251       1C      4A2       0
                text1                               2B6      2B6       2A      56C       0
                maintext                            572      572      282      AE4       0
                cstackBANK0                          20       20       1D       20       1
                cstackCOMMON                         70       70        C       70       1
                bssBANK0                             3D       3D        8       20       1
                strings                               3        3       F3        6       0

TOTAL           Name                               Link     Load   Length     Space
        CLASS   STACK          

        CLASS   CODE           
                end_init                              0        0        3         0
                cinit                               7F4      7F4        C         0
                text16                              21D      21D       1A         0
                text15                              237      237       1A         0
                text14                              212      212        B         0
                text13                              3A0      3A0       5A         0
                text12                              356      356       4A         0
                text11                              2E0      2E0       39         0
                text10                              319      319       3D         0
                text9                               1FC      1FC        6         0
                text8                               3FA      3FA       8F         0
                text7                               489      489       E9         0
                text6                               202      202        6         0
                text5                               28F      28F       27         0
                text4                               208      208        A         0
                text3                               26D      26D       22         0
                text2                               251      251       1C         0
                text1                               2B6      2B6       2A         0
                maintext                            572      572      282         0

        CLASS   STRCODE        

        CLASS   STRING         
                strings                               3        3       F3         0

        CLASS   CONST          

        CLASS   ENTRY          

        CLASS   COMMON         
                cstackCOMMON                         70       70        C         1

        CLASS   BANK0          
                cstackBANK0                          20       20       1D         1
                bssBANK0                             3D       3D        8         1

        CLASS   BANK1          

        CLASS   BANK2          

        CLASS   BANK3          

        CLASS   RAM            

        CLASS   ABS1           
                abs_s1                               7E       7E        2         1

        CLASS   SFR0           

        CLASS   SFR1           

        CLASS   SFR2           

        CLASS   SFR3           

        CLASS   CONFIG         
                config                             2007     2007        1         0

        CLASS   IDLOC          

        CLASS   EEDATA         



SEGMENTS        Name                           Load    Length   Top    Selector   Space  Class     Delta

                reset_vec                      000000  000003  000003         0       0  CODE        2
                strings                        000003  0000F3  0000F6         6       0  STRING      2
                cstackBANK0                    000020  000025  000045        20       1  BANK0       1
                cstackCOMMON                   000070  00000C  00007C        70       1  COMMON      1
                text9                          0001FC  000006  000202       3F8       0  CODE        2
                text6                          000202  000006  000208       404       0  CODE        2
                text4                          000208  00000A  000212       410       0  CODE        2
                text14                         000212  00000B  00021D       424       0  CODE        2
                text16                         00021D  00001A  000237       43A       0  CODE        2
                text15                         000237  00001A  000251       46E       0  CODE        2
                text2                          000251  00001C  00026D       4A2       0  CODE        2
                text3                          00026D  000022  00028F       4DA       0  CODE        2
                text5                          00028F  000027  0002B6       51E       0  CODE        2
                text1                          0002B6  00002A  0002E0       56C       0  CODE        2
                text11                         0002E0  000039  000319       5C0       0  CODE        2
                text10                         000319  00003D  000356       632       0  CODE        2
                text12                         000356  00004A  0003A0       6AC       0  CODE        2
                text13                         0003A0  00005A  0003FA       740       0  CODE        2
                text8                          0003FA  00008F  000489       7F4       0  CODE        2
                text7                          000489  0000E9  000572       912       0  CODE        2
                maintext                       000572  000282  0007F4       AE4       0  CODE        2
                cinit                          0007F4  00000C  000800       FE8       0  CODE        2
                config                         002007  000001  002008      400E       0  CONFIG      2


UNUSED ADDRESS RANGES

        Name                Unused          Largest block    Delta
        BANK0            0045-006F             2B           1
        BANK1            00A0-00EF             50           1
        BANK2            0110-016F             60           1
        BANK3            0190-01EF             60           1
        CODE             00F6-01FB            106           2
                         0800-1FFF            800
        COMMON           007C-007D              2           1
        CONST            00F6-01FB              A           2
                         0800-1FFF            100
        EEDATA           2100-21FF            100           2
        ENTRY            00F6-01FB              A           2
                         0800-1FFF            100
        IDLOC            2000-2003              4           2
        RAM              0045-006F             2B           1
                         00A0-00EF             50
                         0110-016F             60
                         0190-01EF             60
        SFR0             0000-001F             20           1
        SFR1             0080-009F             20           1
        SFR2             0100-010F             10           1
        SFR3             0180-018F             10           1
        STACK            0110-016F             60           1
        STRCODE          00F6-01FB            106           2
                         0800-1FFF           1800
        STRING           00F6-01FB              A           2
                         0800-1FFF            100

                                  Symbol Table

?___aldiv                  cstackCOMMON 0070
?_strcmp                   cstackCOMMON 0070
Lcd_Cmd@a                  cstackCOMMON 0073
Lcd_Port@a                 cstackCOMMON 0070
Lcd_Set_Cursor@a           cstackCOMMON 0077
Lcd_Set_Cursor@b           cstackCOMMON 0074
Lcd_Set_Cursor@temp        cstackCOMMON 007A
Lcd_Set_Cursor@y           cstackCOMMON 0079
Lcd_Set_Cursor@z           cstackCOMMON 0078
Lcd_Write_Char@a           cstackCOMMON 0074
Lcd_Write_Char@temp        cstackCOMMON 0072
Lcd_Write_Char@y           cstackCOMMON 0073
Lcd_Write_String@a         cstackCOMMON 0075
Lcd_Write_String@i         cstackCOMMON 007A
UART_Init@baudrate         cstackBANK0  0026
UART_Init@x                cstackCOMMON 0079
UART_Read_Text@buffer      cstackCOMMON 0073
UART_Read_Text@i           cstackCOMMON 0074
UART_Read_Text@rec_data    cstackCOMMON 0072
UART_Write@data            cstackCOMMON 0070
UART_Write_Text@i          cstackCOMMON 0071
UART_Write_Text@text       cstackCOMMON 0073
_BRGH                      (abs)        04C2
_CREN                      (abs)        00C4
_ESP_Response              bssBANK0     003D
_Lcd_Clear                 text14       0212
_Lcd_Cmd                   text15       0237
_Lcd_Init                  text13       03A0
_Lcd_Port                  text16       021D
_Lcd_Set_Cursor            text12       0356
_Lcd_Write_Char            text11       02E0
_Lcd_Write_String          text10       0319
_RB7                       (abs)        0037
_RCIF                      (abs)        0065
_RCREG                     (abs)        001A
_RD2                       (abs)        0042
_RD3                       (abs)        0043
_RD4                       (abs)        0044
_RD5                       (abs)        0045
_RD6                       (abs)        0046
_RD7                       (abs)        0047
_SPBRG                     (abs)        0099
_SPEN                      (abs)        00C7
_SYNC                      (abs)        04C4
_TRISC6                    (abs)        043E
_TRISC7                    (abs)        043F
_TRISD                     (abs)        0088
_TRMT                      (abs)        04C1
_TXEN                      (abs)        04C5
_TXREG                     (abs)        0019
_UART_Data_Ready           text9        01FC
_UART_Init                 text7        0489
_UART_Read                 text6        0202
_UART_Read_Text            text5        028F
_UART_Write                text4        0208
_UART_Write_Text           text3        026D
__CFG_BOREN$OFF            (abs)        0000
__CFG_CP$OFF               (abs)        0000
__CFG_CPD$OFF              (abs)        0000
__CFG_FOSC$HS              (abs)        0000
__CFG_LVP$ON               (abs)        0000
__CFG_PWRTE$OFF            (abs)        0000
__CFG_WDTE$OFF             (abs)        0000
__CFG_WRT$OFF              (abs)        0000
__Habs1                    abs1         0000
__Hbank0                   bank0        0000
__Hbank1                   bank1        0000
__Hbank2                   bank2        0000
__Hbank3                   bank3        0000
__HbssBANK0                bssBANK0     0000
__Hcinit                   cinit        0800
__Hclrtext                 clrtext      0000
__Hcode                    code         0000
__Hcommon                  common       0000
__Hconfig                  config       2008
__HcstackBANK0             cstackBANK0  0000
__HcstackCOMMON            cstackCOMMON 0000
__Heeprom_data             eeprom_data  0000
__Hend_init                end_init     0003
__Hfunctab                 functab      0000
__Hidloc                   idloc        0000
__Hinit                    init         0000
__Hintentry                intentry     0000
__Hmaintext                maintext     0000
__Hpowerup                 powerup      0000
__Hram                     ram          0000
__Hreset_vec               reset_vec    0000
__Hsfr0                    sfr0         0000
__Hsfr1                    sfr1         0000
__Hsfr2                    sfr2         0000
__Hsfr3                    sfr3         0000
__Hspace_0                 (abs)        2008
__Hspace_1                 (abs)        007C
__Hspace_2                 (abs)        0000
__Hspace_3                 (abs)        0000
__Hstack                   stack        0000
__Hstrings                 strings      0000
__Htext                    text         0000
__Labs1                    abs1         0000
__Lbank0                   bank0        0000
__Lbank1                   bank1        0000
__Lbank2                   bank2        0000
__Lbank3                   bank3        0000
__LbssBANK0                bssBANK0     0000
__Lcinit                   cinit        07F4
__Lclrtext                 clrtext      0000
__Lcode                    code         0000
__Lcommon                  common       0000
__Lconfig                  config       2007
__LcstackBANK0             cstackBANK0  0000
__LcstackCOMMON            cstackCOMMON 0000
__Leeprom_data             eeprom_data  0000
__Lend_init                end_init     0000
__Lfunctab                 functab      0000
__Lidloc                   idloc        0000
__Linit                    init         0000
__Lintentry                intentry     0000
__Lmaintext                maintext     0000
__Lpowerup                 powerup      0000
__Lram                     ram          0000
__Lreset_vec               reset_vec    0000
__Lsfr0                    sfr0         0000
__Lsfr1                    sfr1         0000
__Lsfr2                    sfr2         0000
__Lsfr3                    sfr3         0000
__Lspace_0                 (abs)        0000
__Lspace_1                 (abs)        0000
__Lspace_2                 (abs)        0000
__Lspace_3                 (abs)        0000
__Lstack                   stack        0000
__Lstrings                 strings      0000
__Ltext                    text         0000
__S0                       (abs)        2008
__S1                       (abs)        007C
__S2                       (abs)        0000
__S3                       (abs)        0000
___aldiv                   text8        03FA
___aldiv@counter           cstackBANK0  0020
___aldiv@dividend          cstackCOMMON 0074
___aldiv@divisor           cstackCOMMON 0070
___aldiv@quotient          cstackBANK0  0022
___aldiv@sign              cstackBANK0  0021
___int_sp                  stack        0000
___latbits                 (abs)        0002
___sp                      stack        0000
__end_of_Lcd_Clear         text14       021D
__end_of_Lcd_Cmd           text15       0251
__end_of_Lcd_Init          text13       03FA
__end_of_Lcd_Port          text16       0237
__end_of_Lcd_Set_Cursor    text12       03A0
__end_of_Lcd_Write_Char    text11       0319
__end_of_Lcd_Write_String  text10       0356
__end_of_UART_Data_Ready   text9        0202
__end_of_UART_Init         text7        0572
__end_of_UART_Read         text6        0208
__end_of_UART_Read_Text    text5        02B6
__end_of_UART_Write        text4        0212
__end_of_UART_Write_Text   text3        028F
__end_of___aldiv           text8        0489
__end_of__initialization   cinit        07FC
__end_of__stringtab        strings      0013
__end_of_main              maintext     07F4
__end_of_memset            text2        026D
__end_of_strcmp            text1        02E0
__initialization           cinit        07F4
__pbssBANK0                bssBANK0     003D
__pcstackBANK0             cstackBANK0  0020
__pcstackCOMMON            cstackCOMMON 0070
__pmaintext                maintext     0572
__pstrings                 strings      0003
__ptext1                   text1        02B6
__ptext10                  text10       0319
__ptext11                  text11       02E0
__ptext12                  text12       0356
__ptext13                  text13       03A0
__ptext14                  text14       0212
__ptext15                  text15       0237
__ptext16                  text16       021D
__ptext2                   text2        0251
__ptext3                   text3        026D
__ptext4                   text4        0208
__ptext5                   text5        028F
__ptext6                   text6        0202
__ptext7                   text7        0489
__ptext8                   text8        03FA
__ptext9                   text9        01FC
__size_of_Lcd_Clear        (abs)        0000
__size_of_Lcd_Cmd          (abs)        0000
__size_of_Lcd_Init         (abs)        0000
__size_of_Lcd_Port         (abs)        0000
__size_of_Lcd_Set_Cursor   (abs)        0000
__size_of_Lcd_Write_Char   (abs)        0000
__size_of_Lcd_Write_String (abs)        0000
__size_of_UART_Data_Ready  (abs)        0000
__size_of_UART_Init        (abs)        0000
__size_of_UART_Read        (abs)        0000
__size_of_UART_Read_Text   (abs)        0000
__size_of_UART_Write       (abs)        0000
__size_of_UART_Write_Text  (abs)        0000
__size_of___aldiv          (abs)        0000
__size_of_main             (abs)        0000
__size_of_memset           (abs)        0000
__size_of_strcmp           (abs)        0000
__stringbase               strings      0012
__stringtab                strings      0003
_main                      maintext     0572
_memset                    text2        0251
_strcmp                    text1        02B6
btemp                      (abs)        007E
end_of_initialization      cinit        07FC
intlevel0                  functab      0000
intlevel1                  functab      0000
intlevel2                  functab      0000
intlevel3                  functab      0000
intlevel4                  functab      0000
intlevel5                  functab      0000
main@device_status         cstackBANK0  0039
main@esp_ok                cstackBANK0  003A
main@op_mode               cstackBANK0  003B
main@wifi_connect          cstackBANK0  003C
memset@c                   cstackCOMMON 0070
memset@n                   cstackCOMMON 0072
memset@p                   cstackCOMMON 0075
memset@p1                  cstackCOMMON 0076
reset_vec                  reset_vec    0000
stackhi                    (abs)        0000
stacklo                    (abs)        0000
start                      init         0000
start_initialization       cinit        07F4
strcmp@r                   cstackCOMMON 0074
strcmp@s1                  cstackCOMMON 0075
strcmp@s2                  cstackCOMMON 0070
wtemp0                     (abs)        007E


FUNCTION INFORMATION:

 *************** function _main *****************
 Defined at:
		line 48 in file "main.c"
 Parameters:    Size  Location     Type
		None
 Auto vars:     Size  Location     Type
  wifi_connect    1   28[BANK0 ] unsigned char 
  op_mode         1   27[BANK0 ] unsigned char 
  esp_ok          1   26[BANK0 ] unsigned char 
  device_statu    1   25[BANK0 ] unsigned char 
 Return value:  Size  Location     Type
                  1    wreg      void 
 Registers used:
		wreg, fsr0l, fsr0h, status,2, status,0, btemp+1, pclath, cstack
 Tracked objects:
		On entry : 
		On exit  : 
		Unchanged: 
 Data sizes:     COMMON   BANK0   BANK1   BANK3   BANK2
      Params:         0       0       0       0       0
      Locals:         0       4       0       0       0
      Temps:          0       3       0       0       0
      Totals:         0       7       0       0       0
Total ram usage:        7 bytes
 Hardware stack levels required when called:    3
 This function calls:
		_Lcd_Clear
		_Lcd_Init
		_Lcd_Set_Cursor
		_Lcd_Write_String
		_UART_Data_Ready
		_UART_Init
		_UART_Read_Text
		_UART_Write
		_UART_Write_Text
		_memset
		_strcmp
 This function is called by:
		Startup code after reset
 This function uses a non-reentrant model


 *************** function _strcmp *****************
 Defined at:
		line 33 in file "C:\Program Files\Microchip\xc8\v1.41\sources\common\strcmp.c"
 Parameters:    Size  Location     Type
  s1              1    wreg     PTR const unsigned char 
		 -> ESP_Response(8), 
  s2              1    0[COMMON] PTR const unsigned char 
		 -> STR_15(3), STR_10(3), STR_5(3), 
 Auto vars:     Size  Location     Type
  s1              1    5[COMMON] PTR const unsigned char 
		 -> ESP_Response(8), 
  r               1    4[COMMON] char 
 Return value:  Size  Location     Type
                  2    0[COMMON] int 
 Registers used:
		wreg, fsr0l, fsr0h, status,2, status,0, pclath
 Tracked objects:
		On entry : 
		On exit  : 
		Unchanged: 
 Data sizes:     COMMON   BANK0   BANK1   BANK3   BANK2
      Params:         2       0       0       0       0
      Locals:         2       0       0       0       0
      Temps:          2       0       0       0       0
      Totals:         6       0       0       0       0
Total ram usage:        6 bytes
 Hardware stack levels used:    2
 This function calls:
		Nothing
 This function is called by:
		_main
 This function uses a non-reentrant model


 *************** function _memset *****************
 Defined at:
		line 8 in file "C:\Program Files\Microchip\xc8\v1.41\sources\common\memset.c"
 Parameters:    Size  Location     Type
  p1              1    wreg     PTR void 
		 -> ESP_Response(8), 
  c               2    0[COMMON] int 
  n               2    2[COMMON] unsigned int 
 Auto vars:     Size  Location     Type
  p1              1    6[COMMON] PTR void 
		 -> ESP_Response(8), 
  p               1    5[COMMON] PTR unsigned char 
		 -> ESP_Response(8), 
 Return value:  Size  Location     Type
                  1    wreg      PTR void 
 Registers used:
		wreg, fsr0l, fsr0h, status,2, status,0
 Tracked objects:
		On entry : 
		On exit  : 
		Unchanged: 
 Data sizes:     COMMON   BANK0   BANK1   BANK3   BANK2
      Params:         4       0       0       0       0
      Locals:         2       0       0       0       0
      Temps:          1       0       0       0       0
      Totals:         7       0       0       0       0
Total ram usage:        7 bytes
 Hardware stack levels used:    1
 This function calls:
		Nothing
 This function is called by:
		_main
 This function uses a non-reentrant model


 *************** function _UART_Write_Text *****************
 Defined at:
		line 65 in file "UniversalAsyncReceiveTransmit.h"
 Parameters:    Size  Location     Type
  text            1    wreg     PTR const unsigned char 
		 -> STR_14(35), STR_9(12), STR_4(3), 
 Auto vars:     Size  Location     Type
  text            1    3[COMMON] PTR const unsigned char 
		 -> STR_14(35), STR_9(12), STR_4(3), 
  i               2    1[COMMON] int 
 Return value:  Size  Location     Type
                  1    wreg      void 
 Registers used:
		wreg, fsr0l, fsr0h, status,2, status,0, pclath, cstack
 Tracked objects:
		On entry : 
		On exit  : 
		Unchanged: 
 Data sizes:     COMMON   BANK0   BANK1   BANK3   BANK2
      Params:         0       0       0       0       0
      Locals:         3       0       0       0       0
      Temps:          0       0       0       0       0
      Totals:         3       0       0       0       0
Total ram usage:        3 bytes
 Hardware stack levels used:    1
 Hardware stack levels required when called:    1
 This function calls:
		_UART_Write
 This function is called by:
		_main
 This function uses a non-reentrant model


 *************** function _UART_Write *****************
 Defined at:
		line 59 in file "UniversalAsyncReceiveTransmit.h"
 Parameters:    Size  Location     Type
  data            1    wreg     unsigned char 
 Auto vars:     Size  Location     Type
  data            1    0[COMMON] unsigned char 
 Return value:  Size  Location     Type
                  1    wreg      void 
 Registers used:
		wreg
 Tracked objects:
		On entry : 
		On exit  : 
		Unchanged: 
 Data sizes:     COMMON   BANK0   BANK1   BANK3   BANK2
      Params:         0       0       0       0       0
      Locals:         1       0       0       0       0
      Temps:          0       0       0       0       0
      Totals:         1       0       0       0       0
Total ram usage:        1 bytes
 Hardware stack levels used:    1
 This function calls:
		Nothing
 This function is called by:
		_UART_Write_Text
		_main
 This function uses a non-reentrant model


 *************** function _UART_Read_Text *****************
 Defined at:
		line 45 in file "UniversalAsyncReceiveTransmit.h"
 Parameters:    Size  Location     Type
  buffer          1    wreg     PTR unsigned char 
		 -> ESP_Response(8), 
 Auto vars:     Size  Location     Type
  buffer          1    3[COMMON] PTR unsigned char 
		 -> ESP_Response(8), 
  i               2    4[COMMON] int 
  rec_data        1    2[COMMON] unsigned char 
 Return value:  Size  Location     Type
                  1    wreg      void 
 Registers used:
		wreg, fsr0l, fsr0h, status,2, status,0, btemp+1, pclath, cstack
 Tracked objects:
		On entry : 
		On exit  : 
		Unchanged: 
 Data sizes:     COMMON   BANK0   BANK1   BANK3   BANK2
      Params:         0       0       0       0       0
      Locals:         4       0       0       0       0
      Temps:          2       0       0       0       0
      Totals:         6       0       0       0       0
Total ram usage:        6 bytes
 Hardware stack levels used:    1
 Hardware stack levels required when called:    1
 This function calls:
		_UART_Read
 This function is called by:
		_main
 This function uses a non-reentrant model


 *************** function _UART_Read *****************
 Defined at:
		line 39 in file "UniversalAsyncReceiveTransmit.h"
 Parameters:    Size  Location     Type
		None
 Auto vars:     Size  Location     Type
		None
 Return value:  Size  Location     Type
                  1    wreg      unsigned char 
 Registers used:
		wreg
 Tracked objects:
		On entry : 
		On exit  : 
		Unchanged: 
 Data sizes:     COMMON   BANK0   BANK1   BANK3   BANK2
      Params:         0       0       0       0       0
      Locals:         0       0       0       0       0
      Temps:          0       0       0       0       0
      Totals:         0       0       0       0       0
Total ram usage:        0 bytes
 Hardware stack levels used:    1
 This function calls:
		Nothing
 This function is called by:
		_UART_Read_Text
 This function uses a non-reentrant model


 *************** function _UART_Init *****************
 Defined at:
		line 1 in file "UniversalAsyncReceiveTransmit.h"
 Parameters:    Size  Location     Type
  baudrate        4    6[BANK0 ] const long 
 Auto vars:     Size  Location     Type
  x               2    9[COMMON] unsigned int 
 Return value:  Size  Location     Type
                  1    wreg      unsigned char 
 Registers used:
		wreg, status,2, status,0, pclath, cstack
 Tracked objects:
		On entry : 
		On exit  : 
		Unchanged: 
 Data sizes:     COMMON   BANK0   BANK1   BANK3   BANK2
      Params:         0       4       0       0       0
      Locals:         2       0       0       0       0
      Temps:          0      12       0       0       0
      Totals:         2      16       0       0       0
Total ram usage:       18 bytes
 Hardware stack levels used:    1
 Hardware stack levels required when called:    1
 This function calls:
		___aldiv
 This function is called by:
		_main
 This function uses a non-reentrant model


 *************** function ___aldiv *****************
 Defined at:
		line 6 in file "C:\Program Files\Microchip\xc8\v1.41\sources\common\aldiv.c"
 Parameters:    Size  Location     Type
  divisor         4    0[COMMON] long 
  dividend        4    4[COMMON] long 
 Auto vars:     Size  Location     Type
  quotient        4    2[BANK0 ] long 
  sign            1    1[BANK0 ] unsigned char 
  counter         1    0[BANK0 ] unsigned char 
 Return value:  Size  Location     Type
                  4    0[COMMON] long 
 Registers used:
		wreg, status,2, status,0
 Tracked objects:
		On entry : 
		On exit  : 
		Unchanged: 
 Data sizes:     COMMON   BANK0   BANK1   BANK3   BANK2
      Params:         8       0       0       0       0
      Locals:         0       6       0       0       0
      Temps:          1       0       0       0       0
      Totals:         9       6       0       0       0
Total ram usage:       15 bytes
 Hardware stack levels used:    1
 This function calls:
		Nothing
 This function is called by:
		_UART_Init
 This function uses a non-reentrant model


 *************** function _UART_Data_Ready *****************
 Defined at:
		line 34 in file "UniversalAsyncReceiveTransmit.h"
 Parameters:    Size  Location     Type
		None
 Auto vars:     Size  Location     Type
		None
 Return value:  Size  Location     Type
                  1    wreg      unsigned char 
 Registers used:
		wreg
 Tracked objects:
		On entry : 
		On exit  : 
		Unchanged: 
 Data sizes:     COMMON   BANK0   BANK1   BANK3   BANK2
      Params:         0       0       0       0       0
      Locals:         0       0       0       0       0
      Temps:          0       0       0       0       0
      Totals:         0       0       0       0       0
Total ram usage:        0 bytes
 Hardware stack levels used:    1
 This function calls:
		Nothing
 This function is called by:
		_main
 This function uses a non-reentrant model


 *************** function _Lcd_Write_String *****************
 Defined at:
		line 114 in file "LiquidCrystalDisplay.h"
 Parameters:    Size  Location     Type
  a               2    5[COMMON] PTR const unsigned char 
		 -> STR_17(18), STR_16(16), STR_13(16), STR_12(17), 
		 -> STR_11(15), STR_8(13), STR_7(17), STR_6(16), 
		 -> ESP_Response(8), STR_3(16), STR_2(16), STR_1(17), 
 Auto vars:     Size  Location     Type
  i               2   10[COMMON] int 
 Return value:  Size  Location     Type
                  1    wreg      void 
 Registers used:
		wreg, fsr0l, fsr0h, status,2, status,0, btemp+1, pclath, cstack
 Tracked objects:
		On entry : 
		On exit  : 
		Unchanged: 
 Data sizes:     COMMON   BANK0   BANK1   BANK3   BANK2
      Params:         2       0       0       0       0
      Locals:         2       0       0       0       0
      Temps:          3       0       0       0       0
      Totals:         7       0       0       0       0
Total ram usage:        7 bytes
 Hardware stack levels used:    1
 Hardware stack levels required when called:    2
 This function calls:
		_Lcd_Write_Char
 This function is called by:
		_main
 This function uses a non-reentrant model


 *************** function _Lcd_Write_Char *****************
 Defined at:
		line 98 in file "LiquidCrystalDisplay.h"
 Parameters:    Size  Location     Type
  a               1    wreg     unsigned char 
 Auto vars:     Size  Location     Type
  a               1    4[COMMON] unsigned char 
  y               1    3[COMMON] unsigned char 
  temp            1    2[COMMON] unsigned char 
 Return value:  Size  Location     Type
                  1    wreg      void 
 Registers used:
		wreg, status,2, status,0, pclath, cstack
 Tracked objects:
		On entry : 
		On exit  : 
		Unchanged: 
 Data sizes:     COMMON   BANK0   BANK1   BANK3   BANK2
      Params:         0       0       0       0       0
      Locals:         3       0       0       0       0
      Temps:          1       0       0       0       0
      Totals:         4       0       0       0       0
Total ram usage:        4 bytes
 Hardware stack levels used:    1
 Hardware stack levels required when called:    1
 This function calls:
		_Lcd_Port
 This function is called by:
		_Lcd_Write_String
 This function uses a non-reentrant model


 *************** function _Lcd_Set_Cursor *****************
 Defined at:
		line 58 in file "LiquidCrystalDisplay.h"
 Parameters:    Size  Location     Type
  a               1    wreg     unsigned char 
  b               1    4[COMMON] unsigned char 
 Auto vars:     Size  Location     Type
  a               1    7[COMMON] unsigned char 
  temp            1   10[COMMON] unsigned char 
  y               1    9[COMMON] unsigned char 
  z               1    8[COMMON] unsigned char 
 Return value:  Size  Location     Type
                  1    wreg      void 
 Registers used:
		wreg, status,2, status,0, pclath, cstack
 Tracked objects:
		On entry : 
		On exit  : 
		Unchanged: 
 Data sizes:     COMMON   BANK0   BANK1   BANK3   BANK2
      Params:         1       0       0       0       0
      Locals:         4       0       0       0       0
      Temps:          2       0       0       0       0
      Totals:         7       0       0       0       0
Total ram usage:        7 bytes
 Hardware stack levels used:    1
 Hardware stack levels required when called:    2
 This function calls:
		_Lcd_Cmd
 This function is called by:
		_main
 This function uses a non-reentrant model


 *************** function _Lcd_Init *****************
 Defined at:
		line 79 in file "LiquidCrystalDisplay.h"
 Parameters:    Size  Location     Type
		None
 Auto vars:     Size  Location     Type
		None
 Return value:  Size  Location     Type
                  1    wreg      void 
 Registers used:
		wreg, status,2, status,0, pclath, cstack
 Tracked objects:
		On entry : 
		On exit  : 
		Unchanged: 
 Data sizes:     COMMON   BANK0   BANK1   BANK3   BANK2
      Params:         0       0       0       0       0
      Locals:         0       0       0       0       0
      Temps:          2       0       0       0       0
      Totals:         2       0       0       0       0
Total ram usage:        2 bytes
 Hardware stack levels used:    1
 Hardware stack levels required when called:    2
 This function calls:
		_Lcd_Cmd
		_Lcd_Port
 This function is called by:
		_main
 This function uses a non-reentrant model


 *************** function _Lcd_Clear *****************
 Defined at:
		line 52 in file "LiquidCrystalDisplay.h"
 Parameters:    Size  Location     Type
		None
 Auto vars:     Size  Location     Type
		None
 Return value:  Size  Location     Type
                  1    wreg      void 
 Registers used:
		wreg, status,2, status,0, pclath, cstack
 Tracked objects:
		On entry : 
		On exit  : 
		Unchanged: 
 Data sizes:     COMMON   BANK0   BANK1   BANK3   BANK2
      Params:         0       0       0       0       0
      Locals:         0       0       0       0       0
      Temps:          0       0       0       0       0
      Totals:         0       0       0       0       0
Total ram usage:        0 bytes
 Hardware stack levels used:    1
 Hardware stack levels required when called:    2
 This function calls:
		_Lcd_Cmd
 This function is called by:
		_main
 This function uses a non-reentrant model


 *************** function _Lcd_Cmd *****************
 Defined at:
		line 43 in file "LiquidCrystalDisplay.h"
 Parameters:    Size  Location     Type
  a               1    wreg     unsigned char 
 Auto vars:     Size  Location     Type
  a               1    3[COMMON] unsigned char 
 Return value:  Size  Location     Type
                  1    wreg      void 
 Registers used:
		wreg, status,2, status,0, pclath, cstack
 Tracked objects:
		On entry : 
		On exit  : 
		Unchanged: 
 Data sizes:     COMMON   BANK0   BANK1   BANK3   BANK2
      Params:         0       0       0       0       0
      Locals:         1       0       0       0       0
      Temps:          2       0       0       0       0
      Totals:         3       0       0       0       0
Total ram usage:        3 bytes
 Hardware stack levels used:    1
 Hardware stack levels required when called:    1
 This function calls:
		_Lcd_Port
 This function is called by:
		_Lcd_Clear
		_Lcd_Set_Cursor
		_Lcd_Init
 This function uses a non-reentrant model


 *************** function _Lcd_Port *****************
 Defined at:
		line 4 in file "LiquidCrystalDisplay.h"
 Parameters:    Size  Location     Type
  a               1    wreg     unsigned char 
 Auto vars:     Size  Location     Type
  a               1    0[COMMON] unsigned char 
 Return value:  Size  Location     Type
                  1    wreg      void 
 Registers used:
		wreg
 Tracked objects:
		On entry : 
		On exit  : 
		Unchanged: 
 Data sizes:     COMMON   BANK0   BANK1   BANK3   BANK2
      Params:         0       0       0       0       0
      Locals:         1       0       0       0       0
      Temps:          0       0       0       0       0
      Totals:         1       0       0       0       0
Total ram usage:        1 bytes
 Hardware stack levels used:    1
 This function calls:
		Nothing
 This function is called by:
		_Lcd_Cmd
		_Lcd_Init
		_Lcd_Write_Char
 This function uses a non-reentrant model



MODULE INFORMATION

Module		Function		Class		Link	Load	Size
UniversalAsyncReceiveTransmit.h
		_UART_Read     		CODE           	0202	0000	7
		_UART_Data_Ready		CODE           	01FC	0000	7
		_UART_Init     		CODE           	0489	0000	234
		_UART_Write_Text		CODE           	026D	0000	35
		_UART_Read_Text		CODE           	028F	0000	40
		_UART_Write    		CODE           	0208	0000	11

UniversalAsyncReceiveTransmit.h estimated size: 334

C:\Program Files\Microchip\xc8\v1.41\sources\common\strcmp.c
		_strcmp        		CODE           	02B6	0000	43

C:\Program Files\Microchip\xc8\v1.41\sources\common\strcmp.c estimated size: 43

C:\Program Files\Microchip\xc8\v1.41\sources\common\memset.c
		_memset        		CODE           	0251	0000	29

C:\Program Files\Microchip\xc8\v1.41\sources\common\memset.c estimated size: 29

LiquidCrystalDisplay.h
		_Lcd_Write_String		CODE           	0319	0000	62
		_Lcd_Init      		CODE           	03A0	0000	91
		_Lcd_Write_Char		CODE           	02E0	0000	58
		_Lcd_Cmd       		CODE           	0237	0000	27
		_Lcd_Set_Cursor		CODE           	0356	0000	75
		_Lcd_Clear     		CODE           	0212	0000	12
		_Lcd_Port      		CODE           	021D	0000	27

LiquidCrystalDisplay.h estimated size: 352

shared
		__stringtab    		STRING         	0003	0000	17
		__initialization		CODE           	07F4	0000	9

shared estimated size: 26

C:\Program Files\Microchip\xc8\v1.41\sources\common\aldiv.c
		___aldiv       		CODE           	03FA	0000	144

C:\Program Files\Microchip\xc8\v1.41\sources\common\aldiv.c estimated size: 144

main.c
		_main          		CODE           	0572	0000	643

main.c estimated size: 643

