Microchip MPLAB XC8 Compiler V1.41 ()

Linker command line:

-W-3 --edf=C:\Program Files\Microchip\xc8\v1.41\dat\en_msgs.txt -cs \
  -h+dist/default/production\ESP8266.X.production.sym \
  --cmf=dist/default/production\ESP8266.X.production.cmf -z -Q16F877A \
  -oC:\Users\HOLUWA~1\AppData\Local\Temp\sa6g.2 \
  -Mdist/default/production/ESP8266.X.production.map -E1 -ver=XC8 \
  -ASTACK=0110h-016fh -pstack=STACK -ACODE=00h-07FFhx4 -ASTRCODE=00h-01FFFh \
  -ASTRING=00h-0FFhx32 -ACONST=00h-0FFhx32 -AENTRY=00h-0FFhx32 \
  -ACOMMON=070h-07Fh -ABANK0=020h-06Fh -ABANK1=0A0h-0EFh \
  -ABANK2=0110h-016Fh -ABANK3=0190h-01EFh \
  -ARAM=020h-06Fh,0A0h-0EFh,0110h-016Fh,0190h-01EFh \
  -AABS1=020h-07Fh,0A0h-0EFh,0110h-016Fh,0190h-01EFh -ASFR0=00h-01Fh \
  -ASFR1=080h-09Fh -ASFR2=0100h-010Fh -ASFR3=0180h-018Fh \
  -preset_vec=00h,intentry,init,end_init -ppowerup=CODE -pcinit=CODE \
  -pfunctab=CODE -ACONFIG=02007h-02007h -pconfig=CONFIG -DCONFIG=2 \
  -AIDLOC=02000h-02003h -pidloc=IDLOC -DIDLOC=2 -AEEDATA=00h-0FFh/02100h \
  -peeprom_data=EEDATA -DEEDATA=2 -DCODE=2 -DSTRCODE=2 -DSTRING=2 -DCONST=2 \
  -DENTRY=2 -k C:\Users\HOLUWA~1\AppData\Local\Temp\sa6g.obj \
  dist/default/production\ESP8266.X.production.obj 

Object code version is 3.11

Machine type is 16F877A



                Name                               Link     Load   Length Selector   Space Scale
C:\Users\HOLUWA~1\AppData\Local\Temp\sa6g.obj
                end_init                              0        0        3        0       0
                config                             2007     2007        1     400E       0
dist/default/production\ESP8266.X.production.obj
                cinit                               7F4      7F4        C      FE8       0
                text16                              28F      28F       1A      51E       0
                text15                              2A9      2A9       1A      552       0
                text14                              284      284        B      508       0
                text13                              3F7      3F7       5C      7EE       0
                text12                              3AD      3AD       4A      75A       0
                text11                              374      374       39      6E8       0
                text10                              2DF      2DF       22      5BE       0
                text9                               26E      26E        6      4DC       0
                text8                               453      453       8F      8A6       0
                text7                               4E2      4E2       E8      9C4       0
                text6                               274      274        6      4E8       0
                text5                               323      323       27      646       0
                text4                               27A      27A        A      4F4       0
                text3                               301      301       22      602       0
                text2                               2C3      2C3       1C      586       0
                text1                               34A      34A       2A      694       0
                maintext                            5CA      5CA      22A      B94       0
                cstackBANK0                          20       20       1A       20       1
                cstackCOMMON                         70       70        E       70       1
                bssBANK0                             3A       3A        8       20       1
                strings                               3        3       EC        6       0

TOTAL           Name                               Link     Load   Length     Space
        CLASS   STACK          

        CLASS   CODE           
                end_init                              0        0        3         0
                cinit                               7F4      7F4        C         0
                text16                              28F      28F       1A         0
                text15                              2A9      2A9       1A         0
                text14                              284      284        B         0
                text13                              3F7      3F7       5C         0
                text12                              3AD      3AD       4A         0
                text11                              374      374       39         0
                text10                              2DF      2DF       22         0
                text9                               26E      26E        6         0
                text8                               453      453       8F         0
                text7                               4E2      4E2       E8         0
                text6                               274      274        6         0
                text5                               323      323       27         0
                text4                               27A      27A        A         0
                text3                               301      301       22         0
                text2                               2C3      2C3       1C         0
                text1                               34A      34A       2A         0
                maintext                            5CA      5CA      22A         0

        CLASS   STRCODE        

        CLASS   STRING         
                strings                               3        3       EC         0

        CLASS   CONST          

        CLASS   ENTRY          

        CLASS   COMMON         
                cstackCOMMON                         70       70        E         1

        CLASS   BANK0          
                cstackBANK0                          20       20       1A         1
                bssBANK0                             3A       3A        8         1

        CLASS   BANK1          

        CLASS   BANK2          

        CLASS   BANK3          

        CLASS   RAM            

        CLASS   ABS1           
                abs_s1                               7E       7E        2         1

        CLASS   SFR0           

        CLASS   SFR1           

        CLASS   SFR2           

        CLASS   SFR3           

        CLASS   CONFIG         
                config                             2007     2007        1         0

        CLASS   IDLOC          

        CLASS   EEDATA         



SEGMENTS        Name                           Load    Length   Top    Selector   Space  Class     Delta

                reset_vec                      000000  000003  000003         0       0  CODE        2
                strings                        000003  0000EC  0000EF         6       0  STRING      2
                cstackBANK0                    000020  000022  000042        20       1  BANK0       1
                cstackCOMMON                   000070  00000E  00007E        70       1  COMMON      1
                text9                          00026E  000006  000274       4DC       0  CODE        2
                text6                          000274  000006  00027A       4E8       0  CODE        2
                text4                          00027A  00000A  000284       4F4       0  CODE        2
                text14                         000284  00000B  00028F       508       0  CODE        2
                text16                         00028F  00001A  0002A9       51E       0  CODE        2
                text15                         0002A9  00001A  0002C3       552       0  CODE        2
                text2                          0002C3  00001C  0002DF       586       0  CODE        2
                text10                         0002DF  000022  000301       5BE       0  CODE        2
                text3                          000301  000022  000323       602       0  CODE        2
                text5                          000323  000027  00034A       646       0  CODE        2
                text1                          00034A  00002A  000374       694       0  CODE        2
                text11                         000374  000039  0003AD       6E8       0  CODE        2
                text12                         0003AD  00004A  0003F7       75A       0  CODE        2
                text13                         0003F7  00005C  000453       7EE       0  CODE        2
                text8                          000453  00008F  0004E2       8A6       0  CODE        2
                text7                          0004E2  0000E8  0005CA       9C4       0  CODE        2
                maintext                       0005CA  00022A  0007F4       B94       0  CODE        2
                cinit                          0007F4  00000C  000800       FE8       0  CODE        2
                config                         002007  000001  002008      400E       0  CONFIG      2


UNUSED ADDRESS RANGES

        Name                Unused          Largest block    Delta
        BANK0            0042-006F             2E           1
        BANK1            00A0-00EF             50           1
        BANK2            0110-016F             60           1
        BANK3            0190-01EF             60           1
        CODE             00EF-026D            17F           2
                         0800-1FFF            800
        CONST            00EF-026D            100           2
                         0800-1FFF            100
        EEDATA           2100-21FF            100           2
        ENTRY            00EF-026D            100           2
                         0800-1FFF            100
        IDLOC            2000-2003              4           2
        RAM              0042-006F             2E           1
                         00A0-00EF             50
                         0110-016F             60
                         0190-01EF             60
        SFR0             0000-001F             20           1
        SFR1             0080-009F             20           1
        SFR2             0100-010F             10           1
        SFR3             0180-018F             10           1
        STACK            0110-016F             60           1
        STRCODE          00EF-026D            17F           2
                         0800-1FFF           1800
        STRING           00EF-026D            100           2
                         0800-1FFF            100

                                  Symbol Table

?___aldiv                  cstackCOMMON 0070
?_strcmp                   cstackCOMMON 0070
Lcd_Cmd@a                  cstackCOMMON 0073
Lcd_Port@a                 cstackCOMMON 0070
Lcd_Set_Cursor@a           cstackCOMMON 0077
Lcd_Set_Cursor@b           cstackCOMMON 0074
Lcd_Set_Cursor@temp        cstackCOMMON 007A
Lcd_Set_Cursor@y           cstackCOMMON 0079
Lcd_Set_Cursor@z           cstackCOMMON 0078
Lcd_Write_Char@a           cstackCOMMON 0074
Lcd_Write_Char@temp        cstackCOMMON 0072
Lcd_Write_Char@y           cstackCOMMON 0073
Lcd_Write_String@a         cstackCOMMON 0077
Lcd_Write_String@i         cstackCOMMON 0075
UART_Init@baudrate         cstackBANK0  0026
UART_Init@x                cstackCOMMON 0079
UART_Read_Text@buffer      cstackCOMMON 0073
UART_Read_Text@i           cstackCOMMON 0074
UART_Read_Text@rec_data    cstackCOMMON 0072
UART_Write@data            cstackCOMMON 0070
UART_Write_Text@i          cstackCOMMON 0071
UART_Write_Text@text       cstackCOMMON 0073
_BRGH                      (abs)        04C2
_CREN                      (abs)        00C4
_ESP_Response              bssBANK0     003A
_Lcd_Clear                 text14       0284
_Lcd_Cmd                   text15       02A9
_Lcd_Init                  text13       03F7
_Lcd_Port                  text16       028F
_Lcd_Set_Cursor            text12       03AD
_Lcd_Write_Char            text11       0374
_Lcd_Write_String          text10       02DF
_RCIF                      (abs)        0065
_RCREG                     (abs)        001A
_RD2                       (abs)        0042
_RD3                       (abs)        0043
_RD4                       (abs)        0044
_RD5                       (abs)        0045
_RD6                       (abs)        0046
_RD7                       (abs)        0047
_SPBRG                     (abs)        0099
_SPEN                      (abs)        00C7
_SYNC                      (abs)        04C4
_TRISC6                    (abs)        043E
_TRISC7                    (abs)        043F
_TRISD                     (abs)        0088
_TRMT                      (abs)        04C1
_TXEN                      (abs)        04C5
_TXREG                     (abs)        0019
_UART_Data_Ready           text9        026E
_UART_Init                 text7        04E2
_UART_Read                 text6        0274
_UART_Read_Text            text5        0323
_UART_Write                text4        027A
_UART_Write_Text           text3        0301
__CFG_BOREN$OFF            (abs)        0000
__CFG_CP$OFF               (abs)        0000
__CFG_CPD$OFF              (abs)        0000
__CFG_FOSC$HS              (abs)        0000
__CFG_LVP$ON               (abs)        0000
__CFG_PWRTE$OFF            (abs)        0000
__CFG_WDTE$OFF             (abs)        0000
__CFG_WRT$OFF              (abs)        0000
__Habs1                    abs1         0000
__Hbank0                   bank0        0000
__Hbank1                   bank1        0000
__Hbank2                   bank2        0000
__Hbank3                   bank3        0000
__HbssBANK0                bssBANK0     0000
__Hcinit                   cinit        0800
__Hclrtext                 clrtext      0000
__Hcode                    code         0000
__Hcommon                  common       0000
__Hconfig                  config       2008
__HcstackBANK0             cstackBANK0  0000
__HcstackCOMMON            cstackCOMMON 0000
__Heeprom_data             eeprom_data  0000
__Hend_init                end_init     0003
__Hfunctab                 functab      0000
__Hidloc                   idloc        0000
__Hinit                    init         0000
__Hintentry                intentry     0000
__Hmaintext                maintext     0000
__Hpowerup                 powerup      0000
__Hram                     ram          0000
__Hreset_vec               reset_vec    0000
__Hsfr0                    sfr0         0000
__Hsfr1                    sfr1         0000
__Hsfr2                    sfr2         0000
__Hsfr3                    sfr3         0000
__Hspace_0                 (abs)        2008
__Hspace_1                 (abs)        007E
__Hspace_2                 (abs)        0000
__Hspace_3                 (abs)        0000
__Hstack                   stack        0000
__Hstrings                 strings      0000
__Htext                    text         0000
__Labs1                    abs1         0000
__Lbank0                   bank0        0000
__Lbank1                   bank1        0000
__Lbank2                   bank2        0000
__Lbank3                   bank3        0000
__LbssBANK0                bssBANK0     0000
__Lcinit                   cinit        07F4
__Lclrtext                 clrtext      0000
__Lcode                    code         0000
__Lcommon                  common       0000
__Lconfig                  config       2007
__LcstackBANK0             cstackBANK0  0000
__LcstackCOMMON            cstackCOMMON 0000
__Leeprom_data             eeprom_data  0000
__Lend_init                end_init     0000
__Lfunctab                 functab      0000
__Lidloc                   idloc        0000
__Linit                    init         0000
__Lintentry                intentry     0000
__Lmaintext                maintext     0000
__Lpowerup                 powerup      0000
__Lram                     ram          0000
__Lreset_vec               reset_vec    0000
__Lsfr0                    sfr0         0000
__Lsfr1                    sfr1         0000
__Lsfr2                    sfr2         0000
__Lsfr3                    sfr3         0000
__Lspace_0                 (abs)        0000
__Lspace_1                 (abs)        0000
__Lspace_2                 (abs)        0000
__Lspace_3                 (abs)        0000
__Lstack                   stack        0000
__Lstrings                 strings      0000
__Ltext                    text         0000
__S0                       (abs)        2008
__S1                       (abs)        007E
__S2                       (abs)        0000
__S3                       (abs)        0000
___aldiv                   text8        0453
___aldiv@counter           cstackBANK0  0020
___aldiv@dividend          cstackCOMMON 0074
___aldiv@divisor           cstackCOMMON 0070
___aldiv@quotient          cstackBANK0  0022
___aldiv@sign              cstackBANK0  0021
___int_sp                  stack        0000
___latbits                 (abs)        0002
___sp                      stack        0000
__end_of_Lcd_Clear         text14       028F
__end_of_Lcd_Cmd           text15       02C3
__end_of_Lcd_Init          text13       0453
__end_of_Lcd_Port          text16       02A9
__end_of_Lcd_Set_Cursor    text12       03F7
__end_of_Lcd_Write_Char    text11       03AD
__end_of_Lcd_Write_String  text10       0301
__end_of_UART_Data_Ready   text9        0274
__end_of_UART_Init         text7        05CA
__end_of_UART_Read         text6        027A
__end_of_UART_Read_Text    text5        034A
__end_of_UART_Write        text4        0284
__end_of_UART_Write_Text   text3        0323
__end_of___aldiv           text8        04E2
__end_of__initialization   cinit        07FC
__end_of__stringtab        strings      0009
__end_of_main              maintext     07F4
__end_of_memset            text2        02DF
__end_of_strcmp            text1        0374
__initialization           cinit        07F4
__pbssBANK0                bssBANK0     003A
__pcstackBANK0             cstackBANK0  0020
__pcstackCOMMON            cstackCOMMON 0070
__pmaintext                maintext     05CA
__pstrings                 strings      0003
__ptext1                   text1        034A
__ptext10                  text10       02DF
__ptext11                  text11       0374
__ptext12                  text12       03AD
__ptext13                  text13       03F7
__ptext14                  text14       0284
__ptext15                  text15       02A9
__ptext16                  text16       028F
__ptext2                   text2        02C3
__ptext3                   text3        0301
__ptext4                   text4        027A
__ptext5                   text5        0323
__ptext6                   text6        0274
__ptext7                   text7        04E2
__ptext8                   text8        0453
__ptext9                   text9        026E
__size_of_Lcd_Clear        (abs)        0000
__size_of_Lcd_Cmd          (abs)        0000
__size_of_Lcd_Init         (abs)        0000
__size_of_Lcd_Port         (abs)        0000
__size_of_Lcd_Set_Cursor   (abs)        0000
__size_of_Lcd_Write_Char   (abs)        0000
__size_of_Lcd_Write_String (abs)        0000
__size_of_UART_Data_Ready  (abs)        0000
__size_of_UART_Init        (abs)        0000
__size_of_UART_Read        (abs)        0000
__size_of_UART_Read_Text   (abs)        0000
__size_of_UART_Write       (abs)        0000
__size_of_UART_Write_Text  (abs)        0000
__size_of___aldiv          (abs)        0000
__size_of_main             (abs)        0000
__size_of_memset           (abs)        0000
__size_of_strcmp           (abs)        0000
__stringbase               strings      0008
__stringtab                strings      0003
_main                      maintext     05CA
_memset                    text2        02C3
_strcmp                    text1        034A
btemp                      (abs)        007E
end_of_initialization      cinit        07FC
intlevel0                  functab      0000
intlevel1                  functab      0000
intlevel2                  functab      0000
intlevel3                  functab      0000
intlevel4                  functab      0000
intlevel5                  functab      0000
main@device_status         cstackBANK0  0036
main@esp_ok                cstackBANK0  0037
main@op_mode               cstackBANK0  0038
main@wifi_connect          cstackBANK0  0039
memset@c                   cstackCOMMON 0070
memset@n                   cstackCOMMON 0072
memset@p                   cstackCOMMON 0075
memset@p1                  cstackCOMMON 0076
reset_vec                  reset_vec    0000
stackhi                    (abs)        0000
stacklo                    (abs)        0000
start                      init         0000
start_initialization       cinit        07F4
strcmp@r                   cstackCOMMON 0074
strcmp@s1                  cstackCOMMON 0075
strcmp@s2                  cstackCOMMON 0070
wtemp0                     (abs)        007E


FUNCTION INFORMATION:

 *************** function _main *****************
 Defined at:
		line 48 in file "main.c"
 Parameters:    Size  Location     Type
		None
 Auto vars:     Size  Location     Type
  wifi_connect    1   25[BANK0 ] unsigned char 
  op_mode         1   24[BANK0 ] unsigned char 
  esp_ok          1   23[BANK0 ] unsigned char 
  device_statu    1   22[BANK0 ] unsigned char 
 Return value:  Size  Location     Type
                  1    wreg      void 
 Registers used:
		wreg, fsr0l, fsr0h, status,2, status,0, btemp+1, pclath, cstack
 Tracked objects:
		On entry : 
		On exit  : 
		Unchanged: 
 Data sizes:     COMMON   BANK0   BANK1   BANK3   BANK2
      Params:         0       0       0       0       0
      Locals:         0       4       0       0       0
      Temps:          3       0       0       0       0
      Totals:         3       4       0       0       0
Total ram usage:        7 bytes
 Hardware stack levels required when called:    3
 This function calls:
		_Lcd_Clear
		_Lcd_Init
		_Lcd_Set_Cursor
		_Lcd_Write_String
		_UART_Data_Ready
		_UART_Init
		_UART_Read_Text
		_UART_Write_Text
		_memset
		_strcmp
 This function is called by:
		Startup code after reset
 This function uses a non-reentrant model


 *************** function _strcmp *****************
 Defined at:
		line 33 in file "C:\Program Files\Microchip\xc8\v1.41\sources\common\strcmp.c"
 Parameters:    Size  Location     Type
  s1              1    wreg     PTR const unsigned char 
		 -> ESP_Response(8), 
  s2              1    0[COMMON] PTR const unsigned char 
		 -> STR_22(3), STR_14(3), STR_6(3), 
 Auto vars:     Size  Location     Type
  s1              1    5[COMMON] PTR const unsigned char 
		 -> ESP_Response(8), 
  r               1    4[COMMON] char 
 Return value:  Size  Location     Type
                  2    0[COMMON] int 
 Registers used:
		wreg, fsr0l, fsr0h, status,2, status,0, pclath
 Tracked objects:
		On entry : 
		On exit  : 
		Unchanged: 
 Data sizes:     COMMON   BANK0   BANK1   BANK3   BANK2
      Params:         2       0       0       0       0
      Locals:         2       0       0       0       0
      Temps:          2       0       0       0       0
      Totals:         6       0       0       0       0
Total ram usage:        6 bytes
 Hardware stack levels used:    2
 This function calls:
		Nothing
 This function is called by:
		_main
 This function uses a non-reentrant model


 *************** function _memset *****************
 Defined at:
		line 8 in file "C:\Program Files\Microchip\xc8\v1.41\sources\common\memset.c"
 Parameters:    Size  Location     Type
  p1              1    wreg     PTR void 
		 -> ESP_Response(8), 
  c               2    0[COMMON] int 
  n               2    2[COMMON] unsigned int 
 Auto vars:     Size  Location     Type
  p1              1    6[COMMON] PTR void 
		 -> ESP_Response(8), 
  p               1    5[COMMON] PTR unsigned char 
		 -> ESP_Response(8), 
 Return value:  Size  Location     Type
                  1    wreg      PTR void 
 Registers used:
		wreg, fsr0l, fsr0h, status,2, status,0
 Tracked objects:
		On entry : 
		On exit  : 
		Unchanged: 
 Data sizes:     COMMON   BANK0   BANK1   BANK3   BANK2
      Params:         4       0       0       0       0
      Locals:         2       0       0       0       0
      Temps:          1       0       0       0       0
      Totals:         7       0       0       0       0
Total ram usage:        7 bytes
 Hardware stack levels used:    1
 This function calls:
		Nothing
 This function is called by:
		_main
 This function uses a non-reentrant model


 *************** function _UART_Write_Text *****************
 Defined at:
		line 61 in file "UniversalAsyncReceiveTransmit.h"
 Parameters:    Size  Location     Type
  text            1    wreg     PTR const unsigned char 
		 -> STR_26(3), STR_24(3), STR_21(3), STR_20(35), 
		 -> STR_18(3), STR_16(3), STR_13(3), STR_12(12), 
		 -> STR_10(3), STR_8(3), STR_5(3), STR_4(3), 
 Auto vars:     Size  Location     Type
  text            1    3[COMMON] PTR const unsigned char 
		 -> STR_26(3), STR_24(3), STR_21(3), STR_20(35), 
		 -> STR_18(3), STR_16(3), STR_13(3), STR_12(12), 
		 -> STR_10(3), STR_8(3), STR_5(3), STR_4(3), 
  i               2    1[COMMON] int 
 Return value:  Size  Location     Type
                  1    wreg      void 
 Registers used:
		wreg, fsr0l, fsr0h, status,2, status,0, pclath, cstack
 Tracked objects:
		On entry : 
		On exit  : 
		Unchanged: 
 Data sizes:     COMMON   BANK0   BANK1   BANK3   BANK2
      Params:         0       0       0       0       0
      Locals:         3       0       0       0       0
      Temps:          0       0       0       0       0
      Totals:         3       0       0       0       0
Total ram usage:        3 bytes
 Hardware stack levels used:    1
 Hardware stack levels required when called:    1
 This function calls:
		_UART_Write
 This function is called by:
		_main
 This function uses a non-reentrant model


 *************** function _UART_Write *****************
 Defined at:
		line 55 in file "UniversalAsyncReceiveTransmit.h"
 Parameters:    Size  Location     Type
  data            1    wreg     unsigned char 
 Auto vars:     Size  Location     Type
  data            1    0[COMMON] unsigned char 
 Return value:  Size  Location     Type
                  1    wreg      void 
 Registers used:
		wreg
 Tracked objects:
		On entry : 
		On exit  : 
		Unchanged: 
 Data sizes:     COMMON   BANK0   BANK1   BANK3   BANK2
      Params:         0       0       0       0       0
      Locals:         1       0       0       0       0
      Temps:          0       0       0       0       0
      Totals:         1       0       0       0       0
Total ram usage:        1 bytes
 Hardware stack levels used:    1
 This function calls:
		Nothing
 This function is called by:
		_UART_Write_Text
 This function uses a non-reentrant model


 *************** function _UART_Read_Text *****************
 Defined at:
		line 41 in file "UniversalAsyncReceiveTransmit.h"
 Parameters:    Size  Location     Type
  buffer          1    wreg     PTR unsigned char 
		 -> ESP_Response(8), 
 Auto vars:     Size  Location     Type
  buffer          1    3[COMMON] PTR unsigned char 
		 -> ESP_Response(8), 
  i               2    4[COMMON] int 
  rec_data        1    2[COMMON] unsigned char 
 Return value:  Size  Location     Type
                  1    wreg      void 
 Registers used:
		wreg, fsr0l, fsr0h, status,2, status,0, btemp+1, pclath, cstack
 Tracked objects:
		On entry : 
		On exit  : 
		Unchanged: 
 Data sizes:     COMMON   BANK0   BANK1   BANK3   BANK2
      Params:         0       0       0       0       0
      Locals:         4       0       0       0       0
      Temps:          2       0       0       0       0
      Totals:         6       0       0       0       0
Total ram usage:        6 bytes
 Hardware stack levels used:    1
 Hardware stack levels required when called:    1
 This function calls:
		_UART_Read
 This function is called by:
		_main
 This function uses a non-reentrant model


 *************** function _UART_Read *****************
 Defined at:
		line 35 in file "UniversalAsyncReceiveTransmit.h"
 Parameters:    Size  Location     Type
		None
 Auto vars:     Size  Location     Type
		None
 Return value:  Size  Location     Type
                  1    wreg      unsigned char 
 Registers used:
		wreg
 Tracked objects:
		On entry : 
		On exit  : 
		Unchanged: 
 Data sizes:     COMMON   BANK0   BANK1   BANK3   BANK2
      Params:         0       0       0       0       0
      Locals:         0       0       0       0       0
      Temps:          0       0       0       0       0
      Totals:         0       0       0       0       0
Total ram usage:        0 bytes
 Hardware stack levels used:    1
 This function calls:
		Nothing
 This function is called by:
		_UART_Read_Text
 This function uses a non-reentrant model


 *************** function _UART_Init *****************
 Defined at:
		line 1 in file "UniversalAsyncReceiveTransmit.h"
 Parameters:    Size  Location     Type
  baudrate        4    6[BANK0 ] const long 
 Auto vars:     Size  Location     Type
  x               2    9[COMMON] unsigned int 
 Return value:  Size  Location     Type
                  1    wreg      unsigned char 
 Registers used:
		wreg, status,2, status,0, pclath, cstack
 Tracked objects:
		On entry : 
		On exit  : 
		Unchanged: 
 Data sizes:     COMMON   BANK0   BANK1   BANK3   BANK2
      Params:         0       4       0       0       0
      Locals:         2       0       0       0       0
      Temps:          0      12       0       0       0
      Totals:         2      16       0       0       0
Total ram usage:       18 bytes
 Hardware stack levels used:    1
 Hardware stack levels required when called:    1
 This function calls:
		___aldiv
 This function is called by:
		_main
 This function uses a non-reentrant model


 *************** function ___aldiv *****************
 Defined at:
		line 6 in file "C:\Program Files\Microchip\xc8\v1.41\sources\common\aldiv.c"
 Parameters:    Size  Location     Type
  divisor         4    0[COMMON] long 
  dividend        4    4[COMMON] long 
 Auto vars:     Size  Location     Type
  quotient        4    2[BANK0 ] long 
  sign            1    1[BANK0 ] unsigned char 
  counter         1    0[BANK0 ] unsigned char 
 Return value:  Size  Location     Type
                  4    0[COMMON] long 
 Registers used:
		wreg, status,2, status,0
 Tracked objects:
		On entry : 
		On exit  : 
		Unchanged: 
 Data sizes:     COMMON   BANK0   BANK1   BANK3   BANK2
      Params:         8       0       0       0       0
      Locals:         0       6       0       0       0
      Temps:          1       0       0       0       0
      Totals:         9       6       0       0       0
Total ram usage:       15 bytes
 Hardware stack levels used:    1
 This function calls:
		Nothing
 This function is called by:
		_UART_Init
 This function uses a non-reentrant model


 *************** function _UART_Data_Ready *****************
 Defined at:
		line 30 in file "UniversalAsyncReceiveTransmit.h"
 Parameters:    Size  Location     Type
		None
 Auto vars:     Size  Location     Type
		None
 Return value:  Size  Location     Type
                  1    wreg      unsigned char 
 Registers used:
		wreg
 Tracked objects:
		On entry : 
		On exit  : 
		Unchanged: 
 Data sizes:     COMMON   BANK0   BANK1   BANK3   BANK2
      Params:         0       0       0       0       0
      Locals:         0       0       0       0       0
      Temps:          0       0       0       0       0
      Totals:         0       0       0       0       0
Total ram usage:        0 bytes
 Hardware stack levels used:    1
 This function calls:
		Nothing
 This function is called by:
		_main
 This function uses a non-reentrant model


 *************** function _Lcd_Write_String *****************
 Defined at:
		line 114 in file "LiquidCrystalDisplay.h"
 Parameters:    Size  Location     Type
  a               1    wreg     PTR const unsigned char 
		 -> STR_25(18), STR_23(16), STR_19(16), STR_17(17), 
		 -> STR_15(15), STR_11(13), STR_9(17), STR_7(16), 
		 -> STR_3(16), STR_2(16), STR_1(17), 
 Auto vars:     Size  Location     Type
  a               1    7[COMMON] PTR const unsigned char 
		 -> STR_25(18), STR_23(16), STR_19(16), STR_17(17), 
		 -> STR_15(15), STR_11(13), STR_9(17), STR_7(16), 
		 -> STR_3(16), STR_2(16), STR_1(17), 
  i               2    5[COMMON] int 
 Return value:  Size  Location     Type
                  1    wreg      void 
 Registers used:
		wreg, fsr0l, fsr0h, status,2, status,0, pclath, cstack
 Tracked objects:
		On entry : 
		On exit  : 
		Unchanged: 
 Data sizes:     COMMON   BANK0   BANK1   BANK3   BANK2
      Params:         0       0       0       0       0
      Locals:         3       0       0       0       0
      Temps:          0       0       0       0       0
      Totals:         3       0       0       0       0
Total ram usage:        3 bytes
 Hardware stack levels used:    1
 Hardware stack levels required when called:    2
 This function calls:
		_Lcd_Write_Char
 This function is called by:
		_main
 This function uses a non-reentrant model


 *************** function _Lcd_Write_Char *****************
 Defined at:
		line 98 in file "LiquidCrystalDisplay.h"
 Parameters:    Size  Location     Type
  a               1    wreg     unsigned char 
 Auto vars:     Size  Location     Type
  a               1    4[COMMON] unsigned char 
  y               1    3[COMMON] unsigned char 
  temp            1    2[COMMON] unsigned char 
 Return value:  Size  Location     Type
                  1    wreg      void 
 Registers used:
		wreg, status,2, status,0, pclath, cstack
 Tracked objects:
		On entry : 
		On exit  : 
		Unchanged: 
 Data sizes:     COMMON   BANK0   BANK1   BANK3   BANK2
      Params:         0       0       0       0       0
      Locals:         3       0       0       0       0
      Temps:          1       0       0       0       0
      Totals:         4       0       0       0       0
Total ram usage:        4 bytes
 Hardware stack levels used:    1
 Hardware stack levels required when called:    1
 This function calls:
		_Lcd_Port
 This function is called by:
		_Lcd_Write_String
 This function uses a non-reentrant model


 *************** function _Lcd_Set_Cursor *****************
 Defined at:
		line 58 in file "LiquidCrystalDisplay.h"
 Parameters:    Size  Location     Type
  a               1    wreg     unsigned char 
  b               1    4[COMMON] unsigned char 
 Auto vars:     Size  Location     Type
  a               1    7[COMMON] unsigned char 
  temp            1   10[COMMON] unsigned char 
  y               1    9[COMMON] unsigned char 
  z               1    8[COMMON] unsigned char 
 Return value:  Size  Location     Type
                  1    wreg      void 
 Registers used:
		wreg, status,2, status,0, pclath, cstack
 Tracked objects:
		On entry : 
		On exit  : 
		Unchanged: 
 Data sizes:     COMMON   BANK0   BANK1   BANK3   BANK2
      Params:         1       0       0       0       0
      Locals:         4       0       0       0       0
      Temps:          2       0       0       0       0
      Totals:         7       0       0       0       0
Total ram usage:        7 bytes
 Hardware stack levels used:    1
 Hardware stack levels required when called:    2
 This function calls:
		_Lcd_Cmd
 This function is called by:
		_main
 This function uses a non-reentrant model


 *************** function _Lcd_Init *****************
 Defined at:
		line 79 in file "LiquidCrystalDisplay.h"
 Parameters:    Size  Location     Type
		None
 Auto vars:     Size  Location     Type
		None
 Return value:  Size  Location     Type
                  1    wreg      void 
 Registers used:
		wreg, status,2, status,0, pclath, cstack
 Tracked objects:
		On entry : 
		On exit  : 
		Unchanged: 
 Data sizes:     COMMON   BANK0   BANK1   BANK3   BANK2
      Params:         0       0       0       0       0
      Locals:         0       0       0       0       0
      Temps:          2       0       0       0       0
      Totals:         2       0       0       0       0
Total ram usage:        2 bytes
 Hardware stack levels used:    1
 Hardware stack levels required when called:    2
 This function calls:
		_Lcd_Cmd
		_Lcd_Port
 This function is called by:
		_main
 This function uses a non-reentrant model


 *************** function _Lcd_Clear *****************
 Defined at:
		line 52 in file "LiquidCrystalDisplay.h"
 Parameters:    Size  Location     Type
		None
 Auto vars:     Size  Location     Type
		None
 Return value:  Size  Location     Type
                  1    wreg      void 
 Registers used:
		wreg, status,2, status,0, pclath, cstack
 Tracked objects:
		On entry : 
		On exit  : 
		Unchanged: 
 Data sizes:     COMMON   BANK0   BANK1   BANK3   BANK2
      Params:         0       0       0       0       0
      Locals:         0       0       0       0       0
      Temps:          0       0       0       0       0
      Totals:         0       0       0       0       0
Total ram usage:        0 bytes
 Hardware stack levels used:    1
 Hardware stack levels required when called:    2
 This function calls:
		_Lcd_Cmd
 This function is called by:
		_main
 This function uses a non-reentrant model


 *************** function _Lcd_Cmd *****************
 Defined at:
		line 43 in file "LiquidCrystalDisplay.h"
 Parameters:    Size  Location     Type
  a               1    wreg     unsigned char 
 Auto vars:     Size  Location     Type
  a               1    3[COMMON] unsigned char 
 Return value:  Size  Location     Type
                  1    wreg      void 
 Registers used:
		wreg, status,2, status,0, pclath, cstack
 Tracked objects:
		On entry : 
		On exit  : 
		Unchanged: 
 Data sizes:     COMMON   BANK0   BANK1   BANK3   BANK2
      Params:         0       0       0       0       0
      Locals:         1       0       0       0       0
      Temps:          2       0       0       0       0
      Totals:         3       0       0       0       0
Total ram usage:        3 bytes
 Hardware stack levels used:    1
 Hardware stack levels required when called:    1
 This function calls:
		_Lcd_Port
 This function is called by:
		_Lcd_Clear
		_Lcd_Set_Cursor
		_Lcd_Init
 This function uses a non-reentrant model


 *************** function _Lcd_Port *****************
 Defined at:
		line 4 in file "LiquidCrystalDisplay.h"
 Parameters:    Size  Location     Type
  a               1    wreg     unsigned char 
 Auto vars:     Size  Location     Type
  a               1    0[COMMON] unsigned char 
 Return value:  Size  Location     Type
                  1    wreg      void 
 Registers used:
		wreg
 Tracked objects:
		On entry : 
		On exit  : 
		Unchanged: 
 Data sizes:     COMMON   BANK0   BANK1   BANK3   BANK2
      Params:         0       0       0       0       0
      Locals:         1       0       0       0       0
      Temps:          0       0       0       0       0
      Totals:         1       0       0       0       0
Total ram usage:        1 bytes
 Hardware stack levels used:    1
 This function calls:
		Nothing
 This function is called by:
		_Lcd_Cmd
		_Lcd_Init
		_Lcd_Write_Char
 This function uses a non-reentrant model



MODULE INFORMATION

Module		Function		Class		Link	Load	Size
UniversalAsyncReceiveTransmit.h
		_UART_Read     		CODE           	0274	0000	7
		_UART_Data_Ready		CODE           	026E	0000	7
		_UART_Init     		CODE           	04E2	0000	233
		_UART_Write_Text		CODE           	0301	0000	35
		_UART_Read_Text		CODE           	0323	0000	40
		_UART_Write    		CODE           	027A	0000	11

UniversalAsyncReceiveTransmit.h estimated size: 333

C:\Program Files\Microchip\xc8\v1.41\sources\common\strcmp.c
		_strcmp        		CODE           	034A	0000	43

C:\Program Files\Microchip\xc8\v1.41\sources\common\strcmp.c estimated size: 43

C:\Program Files\Microchip\xc8\v1.41\sources\common\memset.c
		_memset        		CODE           	02C3	0000	29

C:\Program Files\Microchip\xc8\v1.41\sources\common\memset.c estimated size: 29

LiquidCrystalDisplay.h
		_Lcd_Write_String		CODE           	02DF	0000	35
		_Lcd_Init      		CODE           	03F7	0000	93
		_Lcd_Write_Char		CODE           	0374	0000	58
		_Lcd_Cmd       		CODE           	02A9	0000	27
		_Lcd_Set_Cursor		CODE           	03AD	0000	75
		_Lcd_Clear     		CODE           	0284	0000	12
		_Lcd_Port      		CODE           	028F	0000	27

LiquidCrystalDisplay.h estimated size: 327

shared
		__stringtab    		STRING         	0003	0000	7
		__initialization		CODE           	07F4	0000	9

shared estimated size: 16

C:\Program Files\Microchip\xc8\v1.41\sources\common\aldiv.c
		___aldiv       		CODE           	0453	0000	144

C:\Program Files\Microchip\xc8\v1.41\sources\common\aldiv.c estimated size: 144

main.c
		_main          		CODE           	05CA	0000	555

main.c estimated size: 555

